// 同步 ID: d7644549 @ Wed Jul 15 07:42:51 UTC 2026
// 重构日志: 2e487a70
// 重构日志: b267a0fb
// 重构日志: f88aa70a
// 重构日志: a197011a
// 重构日志: 1fd6512b
// 重构日志: af6719eb
// 重构日志: 488aef3d
// 同步 ID: 8d1467cc @ Tue Jul 21 19:12:39 UTC 2026
// 重构日志: 6abd6813
// 重构日志: 580bb48e
// 重构日志: 8d53c8b7
// 同步 ID: a93eb060 @ Sat Jul 25 12:11:54 UTC 2026
// 同步 ID: 6b08e508 @ Sat Jul 25 15:59:36 UTC 2026
// 同步 ID: cca3f95f @ Mon Jul 27 17:41:25 UTC 2026
// 重构日志: c3ec96a4
// 重构日志: 2f709265
// 重构日志: 26de01b1
// 重构日志: 8b92f1e5
// 重构日志: 52a578b9
